[DEV] CORS enabled for origins: http://localhost:3000, http://127.0.0.1:3000, http://localhost:3001, http://localhost:3002, http://localhost:3003, http://127.0.0.1:3003, http://localhost:5173, http://127.0.0.1:5173
[32minfo[39m: 🏴‍☠️ Treasure of Seychelles API server running on port 3001 {"service":"treasure-api","timestamp":"2025-10-06 10:09:23"}
[32minfo[39m: 📚 API Documentation: http://localhost:3001/api-docs {"service":"treasure-api","timestamp":"2025-10-06 10:09:23"}
[32minfo[39m: 💾 Database: sqlite:./database.sqlite {"service":"treasure-api","timestamp":"2025-10-06 10:09:23"}
[32minfo[39m: 🌐 XRPL Network: wss://s.altnet.rippletest.net:51233 {"service":"treasure-api","timestamp":"2025-10-06 10:09:23"}
[32minfo[39m: 🔒 Environment: development {"service":"treasure-api","timestamp":"2025-10-06 10:09:23"}
📊 Database connection successful
📊 Database already has 40 NFTs, skipping auto-populate
[31merror[39m: Error fetching NFTs: select `id`, `token_id`, `nft_token_id`, `name`, `description`, `image_uri`, `chapter`, `island`, `rarity`, `attributes`, `layers`, `puzzle_enabled`, `art_rarity`, `current_owner`, `price_xrp`, `for_sale`, `created_at`, count(*) as `count` from `nfts` limit 1 - SQLITE_ERROR: no such column: island {"code":"SQLITE_ERROR","errno":1,"service":"treasure-api","stack":"Error: select `id`, `token_id`, `nft_token_id`, `name`, `description`, `image_uri`, `chapter`, `island`, `rarity`, `attributes`, `layers`, `puzzle_enabled`, `art_rarity`, `current_owner`, `price_xrp`, `for_sale`, `created_at`, count(*) as `count` from `nfts` limit 1 - SQLITE_ERROR: no such column: island","timestamp":"2025-10-06 10:09:23"}
[32minfo[39m: ::ffff:127.0.0.1 - - [06/Oct/2025:06:09:23 +0000] "GET /api/nfts?limit=1 HTTP/1.1" 500 32 "-" "curl/8.15.0" {"service":"treasure-api","timestamp":"2025-10-06 10:09:23"}
